ASxxxx Linker V03.00 + NoICE + sdld,  page 1.
Hexadecimal  [32-Bits]

Area                                    Addr        Size        Decimal Bytes (Attributes)
--------------------------------        ----        ----        ------- ----- ------------
IABS3                               00000000    00000001 =           1. bytes (ABS,CON)

      Value  Global                              Global Defined In Module
      -----  --------------------------------   ------------------------
     00000000  l_CABS                          
     00000000  l_GSINIT1                       
     00000000  l_GSINIT5                       
     00000000  l_IABS                          
     00000000  l_ISEG                          
     00000000  l_PSEG                          
     00000000  l_REG_BANK_2                    
     00000000  l_REG_BANK_3                    
     00000000  l_RSEG                          
     00000000  l_RSEG0                         
     00000000  l_RSEG1                         
     00000000  l_XABS                          
     00000000  l__CODE                         
     00000000  s_BSEG                          
     00000000  s_CABS                          
     00000000  s_DSEG                          
     00000000  s_HOME                          
     00000000  s_IABS                          
     00000000  s_IABS2                         
     00000000  s_IABS3                         
     00000000  s_ISEG                          
     00000000  s_REG_BANK_0                    
     00000000  s_RSEG                          
     00000000  s_RSEG0                         
     00000000  s_RSEG1                         
     00000000  s_XABS                          
     00000001  l_BIT_BANK                      
     00000001  l_BSEG_BYTES                    
     00000001  l_IABS3                         
     00000003  l_GSINIT0                       
     00000004  l_GSFINAL                       
     00000004  l_IABS2                         
     00000005  l_OSEG                          
     00000006  l_BSEG                          
     00000008  l_REG_BANK_0                    
     00000008  l_REG_BANK_1                    
     00000008  s_REG_BANK_1                    
     0000000A  l_GSINIT2                       
     0000000C  _timer0_overflow_count_5th_byte    main
     00000010  s_REG_BANK_2                    
     00000012  l_GSINIT                        
     00000018  s_REG_BANK_3                    
     00000020  s_BSEG_BYTES                    
     00000020  s__CODE                         
     00000021  s_BIT_BANK                      
     00000022  l_GSINIT3                       
     0000002A  l_GSINIT4                       
     0000003E  s_OSEG                          
     00000043  s_SSEG                          
     00000069  l_XINIT                         
ASxxxx Linker V03.00 + NoICE + sdld,  page 2.
Hexadecimal  [32-Bits]

Area                                    Addr        Size        Decimal Bytes (Attributes)
--------------------------------        ----        ----        ------- ----- ------------
IABS3                               00000000    00000001 =           1. bytes (ABS,CON)

      Value  Global                              Global Defined In Module
      -----  --------------------------------   ------------------------
     00000069  l_XISEG                         
     0000006B  l_HOME                          
     0000006B  s_GSINIT0                       
     0000006E  s_GSINIT1                       
     0000006E  s_GSINIT2                       
     00000078  s_GSINIT3                       
     00000080  l_DSEG                          
     00000094  s_PSEG                          
     00000094  s_XSEG                          
     0000009A  s_GSINIT4                       
     000000BD  l_SSEG                          
     000000C4  s_GSINIT                        
     000000C4  s_GSINIT5                       
     000000C7  l_CONST                         
     000000D6  s_GSFINAL                       
     000000DA  s_CSEG                          
     00000100  l_IRAM                          
     00000168  l_XSEG                          
     000001FC  s_XISEG                         
     0000237D  l_CSEG                          
     00002457  s_CONST                         
     0000251E  s_XINIT                         
ASxxxx Linker V03.00 + NoICE + sdld,  page 3.
Hexadecimal  [32-Bits]

Area                                    Addr        Size        Decimal Bytes (Attributes)
--------------------------------        ----        ----        ------- ----- ------------
IABS2                               00000000    00000004 =           4. bytes (ABS,CON)

      Value  Global                              Global Defined In Module
      -----  --------------------------------   ------------------------
     00000008  _timer0_overflow_count             main

ASxxxx Linker V03.00 + NoICE + sdld,  page 4.
Hexadecimal  [32-Bits]

Area                                    Addr        Size        Decimal Bytes (Attributes)
--------------------------------        ----        ----        ------- ----- ------------
.  .ABS.                            00000000    00000000 =           0. bytes (ABS,CON)

      Value  Global                              Global Defined In Module
      -----  --------------------------------   ------------------------
     00000000  .__.ABS.                           _startup
     00000000  _Ep0Buffer                         USBhandler
     0000000A  _Ep1Buffer                         USBhandler
     00000080  _ADC_CHAN0                         HardwareSerial0ISR
     00000080  _ADC_CTRL                          HardwareSerial0ISR
     00000081  _ADC_CHAN1                         HardwareSerial0ISR
     00000081  _SP                                HardwareSerial0ISR
     00000082  _DPL                               HardwareSerial0ISR
     00000083  _CMP_CHAN                          HardwareSerial0ISR
     00000083  _DPH                               HardwareSerial0ISR
     00000084  _ADC_START                         HardwareSerial0ISR
     00000084  _ROM_ADDR_L                        HardwareSerial0ISR
     00000085  _ADC_IF                            HardwareSerial0ISR
     00000085  _ROM_ADDR_H                        HardwareSerial0ISR
     00000086  _CMP_IF                            HardwareSerial0ISR
     00000086  _ROM_CTRL                          HardwareSerial0ISR
     00000087  _CMPO                              HardwareSerial0ISR
     00000087  _PCON                              HardwareSerial0ISR
     00000088  _IT0                               HardwareSerial0ISR
     00000088  _TCON                              HardwareSerial0ISR
     00000089  _IE0                               HardwareSerial0ISR
     00000089  _TMOD                              HardwareSerial0ISR
     0000008A  _IT1                               HardwareSerial0ISR
     0000008A  _TL0                               HardwareSerial0ISR
     0000008B  _IE1                               HardwareSerial0ISR
     0000008B  _TL1                               HardwareSerial0ISR
     0000008C  _TH0                               HardwareSerial0ISR
     0000008C  _TR0                               HardwareSerial0ISR
     0000008D  _TF0                               HardwareSerial0ISR
     0000008D  _TH1                               HardwareSerial0ISR
     0000008E  _ROM_DATA_L                        HardwareSerial0ISR
     0000008E  _TR1                               HardwareSerial0ISR
     0000008F  _ROM_DATA_H                        HardwareSerial0ISR
     0000008F  _TF1                               HardwareSerial0ISR
     00000090  _CAP1                              HardwareSerial0ISR
     00000090  _P1                                HardwareSerial0ISR
     00000090  _P1_0                              HardwareSerial0ISR
     00000090  _T2                                HardwareSerial0ISR
     00000090  _TIN0                              HardwareSerial0ISR
     00000091  _AIN0                              HardwareSerial0ISR
     00000091  _CAP2                              HardwareSerial0ISR
     00000091  _P1_1                              HardwareSerial0ISR
     00000091  _T2EX                              HardwareSerial0ISR
     00000091  _TIN1                              HardwareSerial0ISR
     00000091  _USB_C_CTRL                        HardwareSerial0ISR
     00000091  _VBUS2                             HardwareSerial0ISR
     00000092  _P1_2                              HardwareSerial0ISR
     00000092  _P1_MOD_OC                         HardwareSerial0ISR
     00000092  _RXD_                              HardwareSerial0ISR
     00000093  _P1_3                              HardwareSerial0ISR
ASxxxx Linker V03.00 + NoICE + sdld,  page 5.
Hexadecimal  [32-Bits]

Area                                    Addr        Size        Decimal Bytes (Attributes)
--------------------------------        ----        ----        ------- ----- ------------
.  .ABS.                            00000000    00000000 =           0. bytes (ABS,CON)

      Value  Global                              Global Defined In Module
      -----  --------------------------------   ------------------------
     00000093  _P1_DIR_PU                         HardwareSerial0ISR
     00000093  _TXD_                              HardwareSerial0ISR
     00000094  _AIN1                              HardwareSerial0ISR
     00000094  _CAP1_                             HardwareSerial0ISR
     00000094  _P1_4                              HardwareSerial0ISR
     00000094  _SCS                               HardwareSerial0ISR
     00000094  _T2_                               HardwareSerial0ISR
     00000094  _TIN2                              HardwareSerial0ISR
     00000094  _UCC1                              HardwareSerial0ISR
     00000095  _AIN2                              HardwareSerial0ISR
     00000095  _MOSI                              HardwareSerial0ISR
     00000095  _P1_5                              HardwareSerial0ISR
     00000095  _PWM1                              HardwareSerial0ISR
     00000095  _TIN3                              HardwareSerial0ISR
     00000095  _UCC2                              HardwareSerial0ISR
     00000096  _MISO                              HardwareSerial0ISR
     00000096  _P1_6                              HardwareSerial0ISR
     00000096  _P3_MOD_OC                         HardwareSerial0ISR
     00000096  _RXD1                              HardwareSerial0ISR
     00000096  _TIN4                              HardwareSerial0ISR
     00000097  _P1_7                              HardwareSerial0ISR
     00000097  _P3_DIR_PU                         HardwareSerial0ISR
     00000097  _SCK                               HardwareSerial0ISR
     00000097  _TIN5                              HardwareSerial0ISR
     00000097  _TXD1                              HardwareSerial0ISR
     00000098  _RI                                HardwareSerial0ISR
     00000098  _SCON                              HardwareSerial0ISR
     00000099  _SBUF                              HardwareSerial0ISR
     00000099  _TI                                HardwareSerial0ISR
     0000009A  _ADC_CFG                           HardwareSerial0ISR
     0000009A  _RB8                               HardwareSerial0ISR
     0000009B  _PWM_DATA2                         HardwareSerial0ISR
     0000009B  _TB8                               HardwareSerial0ISR
     0000009C  _PWM_DATA1                         HardwareSerial0ISR
     0000009C  _REN                               HardwareSerial0ISR
     0000009D  _PWM_CTRL                          HardwareSerial0ISR
     0000009D  _SM2                               HardwareSerial0ISR
     0000009E  _PWM_CK_SE                         HardwareSerial0ISR
     0000009E  _SM1                               HardwareSerial0ISR
     0000009F  _ADC_DATA                          HardwareSerial0ISR
     0000009F  _SM0                               HardwareSerial0ISR
     000000A0  _P2                                HardwareSerial0ISR
     000000A0  __XPAGE                            
     000000A1  _SAFE_MOD                          HardwareSerial0ISR
     000000A2  _XBUS_AUX                          HardwareSerial0ISR
     000000A8  _EX0                               HardwareSerial0ISR
     000000A8  _IE                                HardwareSerial0ISR
     000000A9  _ET0                               HardwareSerial0ISR
     000000A9  _WAKE_CTRL                         HardwareSerial0ISR
     000000AA  _EX1                               HardwareSerial0ISR
     000000AB  _ET1                               HardwareSerial0ISR
ASxxxx Linker V03.00 + NoICE + sdld,  page 6.
Hexadecimal  [32-Bits]

Area                                    Addr        Size        Decimal Bytes (Attributes)
--------------------------------        ----        ----        ------- ----- ------------
.  .ABS.                            00000000    00000000 =           0. bytes (ABS,CON)

      Value  Global                              Global Defined In Module
      -----  --------------------------------   ------------------------
     000000AC  _ES                                HardwareSerial0ISR
     000000AD  _ET2                               HardwareSerial0ISR
     000000AE  _E_DIS                             HardwareSerial0ISR
     000000AF  _EA                                HardwareSerial0ISR
     000000B0  _P3                                HardwareSerial0ISR
     000000B0  _P3_0                              HardwareSerial0ISR
     000000B0  _PWM1_                             HardwareSerial0ISR
     000000B0  _RXD                               HardwareSerial0ISR
     000000B1  _GLOBAL_CFG                        HardwareSerial0ISR
     000000B1  _P3_1                              HardwareSerial0ISR
     000000B1  _PWM2_                             HardwareSerial0ISR
     000000B1  _TXD                               HardwareSerial0ISR
     000000B2  _AIN3                              HardwareSerial0ISR
     000000B2  _INT0                              HardwareSerial0ISR
     000000B2  _P3_2                              HardwareSerial0ISR
     000000B2  _TXD1_                             HardwareSerial0ISR
     000000B2  _VBUS1                             HardwareSerial0ISR
     000000B3  _INT1                              HardwareSerial0ISR
     000000B3  _P3_3                              HardwareSerial0ISR
     000000B4  _P3_4                              HardwareSerial0ISR
     000000B4  _PWM2                              HardwareSerial0ISR
     000000B4  _RXD1_                             HardwareSerial0ISR
     000000B4  _T0                                HardwareSerial0ISR
     000000B5  _P3_5                              HardwareSerial0ISR
     000000B5  _T1                                HardwareSerial0ISR
     000000B6  _P3_6                              HardwareSerial0ISR
     000000B6  _UDP                               HardwareSerial0ISR
     000000B7  _P3_7                              HardwareSerial0ISR
     000000B7  _UDM                               HardwareSerial0ISR
     000000B8  _IP                                HardwareSerial0ISR
     000000B8  _PX0                               HardwareSerial0ISR
     000000B9  _CLOCK_CFG                         HardwareSerial0ISR
     000000B9  _PT0                               HardwareSerial0ISR
     000000BA  _PX1                               HardwareSerial0ISR
     000000BB  _PT1                               HardwareSerial0ISR
     000000BC  _PS                                HardwareSerial0ISR
     000000BD  _PT2                               HardwareSerial0ISR
     000000BE  _PL_FLAG                           HardwareSerial0ISR
     000000BF  _PH_FLAG                           HardwareSerial0ISR
     000000C0  _SCON1                             HardwareSerial0ISR
     000000C0  _U1RI                              HardwareSerial0ISR
     000000C1  _SBUF1                             HardwareSerial0ISR
     000000C1  _U1TI                              HardwareSerial0ISR
     000000C2  _SBAUD1                            HardwareSerial0ISR
     000000C2  _U1RB8                             HardwareSerial0ISR
     000000C3  _TKEY_CTRL                         HardwareSerial0ISR
     000000C3  _U1TB8                             HardwareSerial0ISR
     000000C4  _TKEY_DATL                         HardwareSerial0ISR
     000000C4  _U1REN                             HardwareSerial0ISR
     000000C5  _TKEY_DATH                         HardwareSerial0ISR
     000000C5  _U1SMOD                            HardwareSerial0ISR
ASxxxx Linker V03.00 + NoICE + sdld,  page 7.
Hexadecimal  [32-Bits]

Area                                    Addr        Size        Decimal Bytes (Attributes)
--------------------------------        ----        ----        ------- ----- ------------
.  .ABS.                            00000000    00000000 =           0. bytes (ABS,CON)

      Value  Global                              Global Defined In Module
      -----  --------------------------------   ------------------------
     000000C6  _PIN_FUNC                          HardwareSerial0ISR
     000000C7  _GPIO_IE                           HardwareSerial0ISR
     000000C7  _U1SM0                             HardwareSerial0ISR
     000000C8  _CP_RL2                            HardwareSerial0ISR
     000000C8  _T2CON                             HardwareSerial0ISR
     000000C9  _C_T2                              HardwareSerial0ISR
     000000C9  _T2MOD                             HardwareSerial0ISR
     000000CA  _RCAP2L                            HardwareSerial0ISR
     000000CA  _TR2                               HardwareSerial0ISR
     000000CB  _EXEN2                             HardwareSerial0ISR
     000000CB  _RCAP2H                            HardwareSerial0ISR
     000000CC  _TCLK                              HardwareSerial0ISR
     000000CC  _TL2                               HardwareSerial0ISR
     000000CD  _RCLK                              HardwareSerial0ISR
     000000CD  _TH2                               HardwareSerial0ISR
     000000CE  _EXF2                              HardwareSerial0ISR
     000000CE  _T2CAP1L                           HardwareSerial0ISR
     000000CF  _CAP1F                             HardwareSerial0ISR
     000000CF  _T2CAP1H                           HardwareSerial0ISR
     000000CF  _TF2                               HardwareSerial0ISR
     000000D0  _P                                 HardwareSerial0ISR
     000000D0  _PSW                               HardwareSerial0ISR
     000000D1  _F1                                HardwareSerial0ISR
     000000D1  _UDEV_CTRL                         HardwareSerial0ISR
     000000D2  _OV                                HardwareSerial0ISR
     000000D2  _UEP1_CTRL                         HardwareSerial0ISR
     000000D3  _RS0                               HardwareSerial0ISR
     000000D3  _UEP1_T_LEN                        HardwareSerial0ISR
     000000D4  _RS1                               HardwareSerial0ISR
     000000D4  _UEP2_CTRL                         HardwareSerial0ISR
     000000D5  _F0                                HardwareSerial0ISR
     000000D5  _UEP2_T_LEN                        HardwareSerial0ISR
     000000D6  _AC                                HardwareSerial0ISR
     000000D6  _UEP3_CTRL                         HardwareSerial0ISR
     000000D7  _CY                                HardwareSerial0ISR
     000000D7  _UEP3_T_LEN                        HardwareSerial0ISR
     000000D8  _UIF_BUS_RST                       HardwareSerial0ISR
     000000D8  _UIF_DETECT                        HardwareSerial0ISR
     000000D8  _USB_INT_FG                        HardwareSerial0ISR
     000000D9  _UIF_TRANSFER                      HardwareSerial0ISR
     000000D9  _USB_INT_ST                        HardwareSerial0ISR
     000000DA  _UIF_SUSPEND                       HardwareSerial0ISR
     000000DA  _USB_MIS_ST                        HardwareSerial0ISR
     000000DB  _UIF_HST_SOF                       HardwareSerial0ISR
     000000DB  _USB_RX_LEN                        HardwareSerial0ISR
     000000DC  _UEP0_CTRL                         HardwareSerial0ISR
     000000DC  _UIF_FIFO_OV                       HardwareSerial0ISR
     000000DD  _UEP0_T_LEN                        HardwareSerial0ISR
     000000DD  _U_SIE_FREE                        HardwareSerial0ISR
     000000DE  _UEP4_CTRL                         HardwareSerial0ISR
     000000DE  _U_TOG_OK                          HardwareSerial0ISR
ASxxxx Linker V03.00 + NoICE + sdld,  page 8.
Hexadecimal  [32-Bits]

Area                                    Addr        Size        Decimal Bytes (Attributes)
--------------------------------        ----        ----        ------- ----- ------------
.  .ABS.                            00000000    00000000 =           0. bytes (ABS,CON)

      Value  Global                              Global Defined In Module
      -----  --------------------------------   ------------------------
     000000DF  _UEP4_T_LEN                        HardwareSerial0ISR
     000000DF  _U_IS_NAK                          HardwareSerial0ISR
     000000E0  _ACC                               HardwareSerial0ISR
     000000E1  _USB_INT_EN                        HardwareSerial0ISR
     000000E2  _USB_CTRL                          HardwareSerial0ISR
     000000E3  _USB_DEV_AD                        HardwareSerial0ISR
     000000E4  _UEP2_DMA_L                        HardwareSerial0ISR
     000000E5  _UEP2_DMA_H                        HardwareSerial0ISR
     000000E6  _UEP3_DMA_L                        HardwareSerial0ISR
     000000E7  _UEP3_DMA_H                        HardwareSerial0ISR
     000000E8  _IE_EX                             HardwareSerial0ISR
     000000E8  _IE_SPI0                           HardwareSerial0ISR
     000000E9  _IE_TKEY                           HardwareSerial0ISR
     000000E9  _IP_EX                             HardwareSerial0ISR
     000000EA  _IE_USB                            HardwareSerial0ISR
     000000EA  _UEP4_1_MOD                        HardwareSerial0ISR
     000000EB  _IE_ADC                            HardwareSerial0ISR
     000000EB  _UEP2_3_MOD                        HardwareSerial0ISR
     000000EC  _IE_UART1                          HardwareSerial0ISR
     000000EC  _UEP0_DMA_L                        HardwareSerial0ISR
     000000ED  _IE_PWMX                           HardwareSerial0ISR
     000000ED  _UEP0_DMA_H                        HardwareSerial0ISR
     000000EE  _IE_GPIO                           HardwareSerial0ISR
     000000EE  _UEP1_DMA_L                        HardwareSerial0ISR
     000000EF  _IE_WDOG                           HardwareSerial0ISR
     000000EF  _UEP1_DMA_H                        HardwareSerial0ISR
     000000F0  _B                                 HardwareSerial0ISR
     000000F5  _B_5                               _gptrget
     000000F6  _B_6                               _gptrget
     000000F7  _B_7                               _gptrget
     000000F8  _S0_R_FIFO                         HardwareSerial0ISR
     000000F8  _SPI0_STAT                         HardwareSerial0ISR
     000000F9  _SPI0_DATA                         HardwareSerial0ISR
     000000FA  _S0_T_FIFO                         HardwareSerial0ISR
     000000FA  _SPI0_CTRL                         HardwareSerial0ISR
     000000FB  _S0_FREE                           HardwareSerial0ISR
     000000FB  _SPI0_CK_SE                        HardwareSerial0ISR
     000000FC  _S0_IF_BYTE                        HardwareSerial0ISR
     000000FC  _SPI0_SETUP                        HardwareSerial0ISR
     000000FD  _S0_IF_FIRST                       HardwareSerial0ISR
     000000FE  _RESET_KEEP                        HardwareSerial0ISR
     000000FE  _S0_IF_OV                          HardwareSerial0ISR
     000000FF  _S0_FST_ACT                        HardwareSerial0ISR
     000000FF  _WDOG_COUNT                        HardwareSerial0ISR
     00008584  _ROM_ADDR                          HardwareSerial0ISR
     00008F8E  _ROM_DATA                          HardwareSerial0ISR
     0000C5C4  _TKEY_DAT                          HardwareSerial0ISR
     0000CBCA  _RCAP2                             HardwareSerial0ISR
     0000CDCC  _T2COUNT                           HardwareSerial0ISR
     0000CFCE  _T2CAP1                            HardwareSerial0ISR
     0000E5E4  _UEP2_DMA                          HardwareSerial0ISR
ASxxxx Linker V03.00 + NoICE + sdld,  page 9.
Hexadecimal  [32-Bits]

Area                                    Addr        Size        Decimal Bytes (Attributes)
--------------------------------        ----        ----        ------- ----- ------------
.  .ABS.                            00000000    00000000 =           0. bytes (ABS,CON)

      Value  Global                              Global Defined In Module
      -----  --------------------------------   ------------------------
     0000E7E6  _UEP3_DMA                          HardwareSerial0ISR
     0000EDEC  _UEP0_DMA                          HardwareSerial0ISR
     0000EFEE  _UEP1_DMA                          HardwareSerial0ISR

ASxxxx Linker V03.00 + NoICE + sdld,  page 10.
Hexadecimal  [32-Bits]

Area                                    Addr        Size        Decimal Bytes (Attributes)
--------------------------------        ----        ----        ------- ----- ------------
BSEG_BYTES                          00000020    00000001 =           1. bytes (REL,CON)

      Value  Global                              Global Defined In Module
      -----  --------------------------------   ------------------------
ASxxxx Linker V03.00 + NoICE + sdld,  page 11.
Hexadecimal  [32-Bits]

Area                                    Addr        Size        Decimal Bytes (Attributes)
--------------------------------        ----        ----        ------- ----- ------------
REG_BANK_0                          00000000    00000008 =           8. bytes (REL,OVR)

      Value  Global                              Global Defined In Module
      -----  --------------------------------   ------------------------
ASxxxx Linker V03.00 + NoICE + sdld,  page 12.
Hexadecimal  [32-Bits]

Area                                    Addr        Size        Decimal Bytes (Attributes)
--------------------------------        ----        ----        ------- ----- ------------
REG_BANK_1                          00000008    00000008 =           8. bytes (REL,OVR)

      Value  Global                              Global Defined In Module
      -----  --------------------------------   ------------------------
ASxxxx Linker V03.00 + NoICE + sdld,  page 13.
Hexadecimal  [32-Bits]

Area                                    Addr        Size        Decimal Bytes (Attributes)
--------------------------------        ----        ----        ------- ----- ------------
BIT_BANK                            00000021    00000001 =           1. bytes (REL,OVR)

      Value  Global                              Global Defined In Module
      -----  --------------------------------   ------------------------
ASxxxx Linker V03.00 + NoICE + sdld,  page 14.
Hexadecimal  [32-Bits]

Area                                    Addr        Size        Decimal Bytes (Attributes)
--------------------------------        ----        ----        ------- ----- ------------
DSEG                                00000000    00000080 =         128. bytes (REL,CON)

      Value  Global                              Global Defined In Module
      -----  --------------------------------   ------------------------
     0000001A  _SetupLen                          USBhandler
     0000001C  _SetupReq                          USBhandler
     0000001D  _pDescr                            USBhandler
     0000001F  _bp                                _bp

ASxxxx Linker V03.00 + NoICE + sdld,  page 15.
Hexadecimal  [32-Bits]

Area                                    Addr        Size        Decimal Bytes (Attributes)
--------------------------------        ----        ----        ------- ----- ------------
OSEG                                0000003E    00000005 =           5. bytes (REL,OVR)

      Value  Global                              Global Defined In Module
      -----  --------------------------------   ------------------------
ASxxxx Linker V03.00 + NoICE + sdld,  page 16.
Hexadecimal  [32-Bits]

Area                                    Addr        Size        Decimal Bytes (Attributes)
--------------------------------        ----        ----        ------- ----- ------------
SSEG                                00000043    000000BD =         189. bytes (REL,OVR)

      Value  Global                              Global Defined In Module
      -----  --------------------------------   ------------------------
     00000043  __start__stack                     main

ASxxxx Linker V03.00 + NoICE + sdld,  page 17.
Hexadecimal  [32-Bits]

Area                                    Addr        Size        Decimal Bytes (Attributes)
--------------------------------        ----        ----        ------- ----- ------------
XSEG                                00000094    00000168 =         360. bytes (REL,CON,XDATA)

      Value  Global                              Global Defined In Module
      -----  --------------------------------   ------------------------
D:   00000094  _config                            Akari_NEW_Firmware_ino
D:   000000B9  _has_card                          Akari_NEW_Firmware_ino
D:   000000BE  _USB_EP1_send_PARM_2               Akari_NEW_Firmware_ino
D:   000000C1  _USB_EP1_send_PARM_3               Akari_NEW_Firmware_ino
D:   000000C3  _ledData                           PN532
D:   000000D8  _pn532_packetbuffer                PN532
D:   00000118  __uid                              PN532
D:   0000011F  __uidLen                           PN532
D:   00000120  __key                              PN532
D:   00000126  _inListedTag                       PN532
D:   00000127  __felicaIDm                        PN532
D:   0000012F  __felicaPMm                        PN532
D:   00000138  _pn532_readPassiveTargetID_PARM_   PN532
D:   0000013B  _pn532_readPassiveTargetID_PARM_   PN532
D:   0000013E  _pn532_readPassiveTargetID_PARM_   PN532
D:   00000141  _pn532_mifareclassic_Authenticat   PN532
D:   00000142  _pn532_mifareclassic_Authenticat   PN532
D:   00000146  _pn532_mifareclassic_Authenticat   PN532
D:   00000147  _pn532_mifareclassic_Authenticat   PN532
D:   0000014D  _pn532_mifareclassic_ReadDataBlo   PN532
D:   00000151  _pn532_felica_Polling_PARM_2       PN532
D:   00000152  _pn532_felica_Polling_PARM_3       PN532
D:   00000155  _pn532_felica_Polling_PARM_4       PN532
D:   00000158  _pn532_felica_Polling_PARM_5       PN532
D:   0000015B  _pn532_felica_Polling_PARM_6       PN532
D:   0000015F  _pn532_command                     PN532_HSU
D:   00000160  _pn532_writeCommand_PARM_2         PN532_HSU
D:   00000161  _pn532_writeCommand_PARM_3         PN532_HSU
D:   00000164  _pn532_writeCommand_PARM_4         PN532_HSU
D:   00000169  _pn532_readResponse_PARM_2         PN532_HSU
D:   0000016A  _pn532_readResponse_PARM_3         PN532_HSU
D:   00000182  _pn532_receive_PARM_2              PN532_HSU
D:   00000184  _pn532_receive_PARM_3              PN532_HSU
D:   0000018D  __ledData                          USBhandler
D:   000001A2  _UsbConfig                         USBhandler
D:   000001A3  _eeprom_write_byte_PARM_2          eeprom
D:   000001A4  ___memcpy_PARM_2                   __memcpy
D:   000001A7  ___memcpy_PARM_3                   __memcpy
D:   000001AC  _memset_PARM_2                     _memset
D:   000001AD  _memset_PARM_3                     _memset
D:   000001AF  __gptrput_PARM_2                   _gptrput
D:   000001B0  _serial1Initialized                HardwareSerial1
D:   000001B1  _Receive_Uart1_Buf                 HardwareSerial1ISR
D:   000001C1  _Transmit_Uart1_Buf                HardwareSerial1ISR
D:   000001D1  _memcmp_PARM_2                     _memcmp
D:   000001D4  _memcmp_PARM_3                     _memcmp
D:   000001D9  _attachInterrupt_PARM_2            WInterrupts
D:   000001DB  _attachInterrupt_PARM_3            WInterrupts
D:   000001DC  _Receive_Uart0_Buf                 HardwareSerial0ISR
D:   000001EC  _Transmit_Uart0_Buf                HardwareSerial0ISR

ASxxxx Linker V03.00 + NoICE + sdld,  page 18.
Hexadecimal  [32-Bits]

Area                                    Addr        Size        Decimal Bytes (Attributes)
--------------------------------        ----        ----        ------- ----- ------------
XISEG                               000001FC    00000069 =         105. bytes (REL,CON,XDATA)

      Value  Global                              Global Defined In Module
      -----  --------------------------------   ------------------------
D:   000001FC  _dummy_variable                    Akari_NEW_Firmware_ino
D:   000001FE  _AimeKey                           Akari_NEW_Firmware_ino
D:   00000204  _BanaKey                           Akari_NEW_Firmware_ino
D:   0000020A  _MifareKey                         Akari_NEW_Firmware_ino
D:   00000210  _report                            Akari_NEW_Firmware_ino
D:   0000021B  _report2                           Akari_NEW_Firmware_ino
D:   00000223  _UpPoint1_Busy                     Akari_NEW_Firmware_ino
D:   00000224  _card_type                         Akari_NEW_Firmware_ino
D:   00000225  _mifare_uid                        Akari_NEW_Firmware_ino
D:   00000229  _mifare_uidlen                     Akari_NEW_Firmware_ino
D:   0000022A  _mifare_block                      Akari_NEW_Firmware_ino
D:   0000023A  _mifare_id                         Akari_NEW_Firmware_ino
D:   00000244  _felica_idm                        Akari_NEW_Firmware_ino
D:   0000024C  _felica_pmm                        Akari_NEW_Firmware_ino
D:   00000254  _usbMsgFlags                       USBhandler
D:   00000255  _keyboardProtocol                  USBhandler
D:   00000256  _keyboardLedStatus                 USBhandler
D:   00000257  _touchKeyHandler                   main
D:   00000259  _uart1_rx_buffer_head              HardwareSerial1ISR
D:   0000025A  _uart1_rx_buffer_tail              HardwareSerial1ISR
D:   0000025B  _uart1_tx_buffer_head              HardwareSerial1ISR
D:   0000025C  _uart1_tx_buffer_tail              HardwareSerial1ISR
D:   0000025D  _intFunc                           WInterrupts
D:   00000261  _uart0_rx_buffer_head              HardwareSerial0ISR
D:   00000262  _uart0_rx_buffer_tail              HardwareSerial0ISR
D:   00000263  _uart0_tx_buffer_head              HardwareSerial0ISR
D:   00000264  _uart0_tx_buffer_tail              HardwareSerial0ISR
ASxxxx Linker V03.00 + NoICE + sdld,  page 19.
Hexadecimal  [32-Bits]

Area                                    Addr        Size        Decimal Bytes (Attributes)
--------------------------------        ----        ----        ------- ----- ------------
HOME                                00000000    0000006B =         107. bytes (REL,CON,CODE)

      Value  Global                              Global Defined In Module
      -----  --------------------------------   ------------------------
C:   00000066  __sdcc_program_startup             main
C:   00000069  __sdcc_call_dptr                   

ASxxxx Linker V03.00 + NoICE + sdld,  page 20.
Hexadecimal  [32-Bits]

Area                                    Addr        Size        Decimal Bytes (Attributes)
--------------------------------        ----        ----        ------- ----- ------------
GSINIT0                             0000006B    00000003 =           3. bytes (REL,CON,CODE)

      Value  Global                              Global Defined In Module
      -----  --------------------------------   ------------------------
C:   0000006B  __sdcc_gsinit_startup              

ASxxxx Linker V03.00 + NoICE + sdld,  page 21.
Hexadecimal  [32-Bits]

Area                                    Addr        Size        Decimal Bytes (Attributes)
--------------------------------        ----        ----        ------- ----- ------------
GSINIT2                             0000006E    0000000A =          10. bytes (REL,CON,CODE)

      Value  Global                              Global Defined In Module
      -----  --------------------------------   ------------------------
ASxxxx Linker V03.00 + NoICE + sdld,  page 22.
Hexadecimal  [32-Bits]

Area                                    Addr        Size        Decimal Bytes (Attributes)
--------------------------------        ----        ----        ------- ----- ------------
GSINIT3                             00000078    00000022 =          34. bytes (REL,CON,CODE)

      Value  Global                              Global Defined In Module
      -----  --------------------------------   ------------------------
C:   00000078  __mcs51_genXINIT                   

ASxxxx Linker V03.00 + NoICE + sdld,  page 23.
Hexadecimal  [32-Bits]

Area                                    Addr        Size        Decimal Bytes (Attributes)
--------------------------------        ----        ----        ------- ----- ------------
GSINIT4                             0000009A    0000002A =          42. bytes (REL,CON,CODE)

      Value  Global                              Global Defined In Module
      -----  --------------------------------   ------------------------
C:   0000009A  __mcs51_genRAMCLEAR                
C:   000000A0  __mcs51_genXRAMCLEAR               

ASxxxx Linker V03.00 + NoICE + sdld,  page 24.
Hexadecimal  [32-Bits]

Area                                    Addr        Size        Decimal Bytes (Attributes)
--------------------------------        ----        ----        ------- ----- ------------
GSINIT                              000000C4    00000012 =          18. bytes (REL,CON,CODE)

      Value  Global                              Global Defined In Module
      -----  --------------------------------   ------------------------
ASxxxx Linker V03.00 + NoICE + sdld,  page 25.
Hexadecimal  [32-Bits]

Area                                    Addr        Size        Decimal Bytes (Attributes)
--------------------------------        ----        ----        ------- ----- ------------
GSFINAL                             000000D6    00000004 =           4. bytes (REL,CON,CODE)

      Value  Global                              Global Defined In Module
      -----  --------------------------------   ------------------------
ASxxxx Linker V03.00 + NoICE + sdld,  page 26.
Hexadecimal  [32-Bits]

Area                                    Addr        Size        Decimal Bytes (Attributes)
--------------------------------        ----        ----        ------- ----- ------------
CSEG                                000000DA    0000237D =        9085. bytes (REL,CON,CODE)

      Value  Global                              Global Defined In Module
      -----  --------------------------------   ------------------------
C:   000000DA  _config_read                       Akari_NEW_Firmware_ino
C:   00000178  _config_flush                      Akari_NEW_Firmware_ino
C:   000001AC  _setup                             Akari_NEW_Firmware_ino
C:   000002BE  _card_read                         Akari_NEW_Firmware_ino
C:   000005F2  _loop                              Akari_NEW_Firmware_ino
C:   00000688  _USB_EP1_IN                        Akari_NEW_Firmware_ino
C:   00000699  _USB_EP1_OUT                       Akari_NEW_Firmware_ino
C:   00000788  _USB_EP1_send                      Akari_NEW_Firmware_ino
C:   0000083E  _pn532_begin                       PN532
C:   00000841  _pn532_getFirmwareVersion          PN532
C:   000008FA  _pn532_SAMConfig                   PN532
C:   00000966  _pn532_setPassiveActivationRetri   PN532
C:   000009E0  _pn532_readPassiveTargetID         PN532
C:   00000ABF  _pn532_mifareclassic_Authenticat   PN532
C:   00000BFD  _pn532_mifareclassic_ReadDataBlo   PN532
C:   00000C92  _pn532_felica_Polling              PN532
C:   00000E2C  _pn532_wakeup                      PN532_HSU
C:   00000EA1  _pn532_writeCommand                PN532_HSU
C:   0000103C  _pn532_readResponse                PN532_HSU
C:   00001231  _pn532_readAckFrame                PN532_HSU
C:   000012AB  _pn532_receive                     PN532_HSU
C:   000013FE  _USB_EP0_SETUP                     USBhandler
C:   00001817  _USB_EP0_IN                        USBhandler
C:   00001890  _USB_EP0_OUT                       USBhandler
C:   000018A5  _USBInterrupt                      USBhandler
C:   0000196E  _USBDeviceCfg                      USBhandler
C:   00001987  _USBDeviceIntCfg                   USBhandler
C:   00001998  _USBDeviceEndPointCfg              USBhandler
C:   000019B2  _eeprom_write_byte                 eeprom
C:   000019E8  _eeprom_read_byte                  eeprom
C:   000019F8  _DeviceUSBInterrupt                main
C:   00001A37  _Uart0_ISR                         main
C:   00001A83  _Uart1_ISR                         main
C:   00001ACF  _INT0_ISR                          main
C:   00001B22  _INT1_ISR                          main
C:   00001B75  _TOUCHKEY_ISR                      main
C:   00001BC9  _main                              main
C:   00001BD4  ___sdcc_external_startup           main
C:   00001BD8  ___memcpy                          __memcpy
C:   00001C4C  _memset                            _memset
C:   00001C74  _Timer0Interrupt                   wiring
C:   00001C8D  _micros                            wiring
C:   00001CF4  _millis                            wiring
C:   00001D31  _delay                             wiring
C:   00001DE2  _delayMicroseconds                 wiring
C:   00001E1D  _init                              wiring
C:   00001E52  __gptrput                          _gptrput
C:   00001E6D  _Serial1                           HardwareSerial1
C:   00001E74  _Serial1_begin                     HardwareSerial1
C:   00001EAB  _Serial1_write                     HardwareSerial1
ASxxxx Linker V03.00 + NoICE + sdld,  page 27.
Hexadecimal  [32-Bits]

Area                                    Addr        Size        Decimal Bytes (Attributes)
--------------------------------        ----        ----        ------- ----- ------------
CSEG                                000000DA    0000237D =        9085. bytes (REL,CON,CODE)

      Value  Global                              Global Defined In Module
      -----  --------------------------------   ------------------------
C:   00001F3A  _Serial1_flush                     HardwareSerial1
C:   00001F3E  _Serial1_available                 HardwareSerial1
C:   00001F54  _Serial1_read                      HardwareSerial1
C:   00001F87  __mulint                           _mulint
C:   00002025  _uart1IntRxHandler                 HardwareSerial1ISR
C:   00002065  _uart1IntTxHandler                 HardwareSerial1ISR
C:   000020B3  _GPIOInterrupt                     weakOverrideGPIO
C:   000020B5  _memcmp                            _memcmp
C:   00002194  _Timer2Interrupt                   weakOverrideTimer2
C:   00002196  __divulong                         _divulong
C:   00002220  _neopixel_show_long_P1_5           optionalLink_WS2812_P1_5
C:   00002244  _nothing                           WInterrupts
C:   00002245  _attachInterrupt                   WInterrupts
C:   0000228B  _detachInterrupt                   WInterrupts
C:   000022BC  __gptrget                          _gptrget
C:   000022D8  __modsint                          _modsint
C:   00002346  __moduint                          _moduint
C:   000023C5  _uart0IntRxHandler                 HardwareSerial0ISR
C:   00002405  _uart0IntTxHandler                 HardwareSerial0ISR
C:   00002453  __sdcc_external_startup            _startup

ASxxxx Linker V03.00 + NoICE + sdld,  page 28.
Hexadecimal  [32-Bits]

Area                                    Addr        Size        Decimal Bytes (Attributes)
--------------------------------        ----        ----        ------- ----- ------------
CONST                               00002457    000000C7 =         199. bytes (REL,CON,CODE)

      Value  Global                              Global Defined In Module
      -----  --------------------------------   ------------------------
C:   00002457  _DeviceDescriptor                  USBconstant
C:   00002469  _ConfigurationDescriptor           USBconstant
C:   00002492  _ReportDescriptor                  USBconstant
C:   000024E4  _LanguageDescriptor                USBconstant
C:   000024E8  _SerialDescriptor                  USBconstant
C:   000024FC  _ProductDescriptor                 USBconstant
C:   00002510  _ManufacturerDescriptor            USBconstant

ASxxxx Linker V03.00 + NoICE + sdld,  page 29.
Hexadecimal  [32-Bits]

Area                                    Addr        Size        Decimal Bytes (Attributes)
--------------------------------        ----        ----        ------- ----- ------------
XINIT                               0000251E    00000069 =         105. bytes (REL,CON,CODE)

      Value  Global                              Global Defined In Module
      -----  --------------------------------   ------------------------
ASxxxx Linker V03.00 + NoICE + sdld,  page 30.

Files Linked                              [ module(s) ]

C:\Users\Yuzuki\AppData\Local\arduino\sketches\88F57294B5C6608F478CC3ECDD2F8A2E\sketch\Akari-NEW_Firmware.ino.cpp.rel
                                          [  ]
C:\Users\Yuzuki\AppData\Local\arduino\sketches\88F57294B5C6608F478CC3ECDD2F8A2E\sketch\PN532.c.rel
                                          [  ]
C:\Users\Yuzuki\AppData\Local\arduino\sketches\88F57294B5C6608F478CC3ECDD2F8A2E\sketch\PN532_HSU.c.rel
                                          [  ]
C:\Users\Yuzuki\AppData\Local\arduino\sketches\88F57294B5C6608F478CC3ECDD2F8A2E\sketch\USBconstant.c.rel
                                          [  ]
C:\Users\Yuzuki\AppData\Local\arduino\sketches\88F57294B5C6608F478CC3ECDD2F8A2E\sketch\USBhandler.c.rel
                                          [  ]
C:\Users\Yuzuki\AppData\Local\arduino\sketches\88F57294B5C6608F478CC3ECDD2F8A2E\libraries\WS2812\WS2812.c.rel
                                          [  ]


Libraries Linked                          [ object file ]

C:\Users\Yuzuki\AppData\Local\arduino\sketches\88F57294B5C6608F478CC3ECDD2F8A2E/..\..\cores\910fc64098c4b9d508bbd45b2249fda8\core.lib
                                          [ eeprom.c.rel ]
C:\Users\Yuzuki\AppData\Local\arduino\sketches\88F57294B5C6608F478CC3ECDD2F8A2E/..\..\cores\910fc64098c4b9d508bbd45b2249fda8\core.lib
                                          [ main.c.rel ]
C:\Users\Yuzuki\AppData\Local\Arduino15\packages\CH55xDuino\tools\sdcc\build.13407_4/lib/large_int_calc_stack_auto/mcs51.lib
                                          [ crtclear.rel ]
C:\Users\Yuzuki\AppData\Local\Arduino15\packages\CH55xDuino\tools\sdcc\build.13407_4/lib/large_int_calc_stack_auto/libsdcc.lib
                                          [ __memcpy.rel ]
C:\Users\Yuzuki\AppData\Local\Arduino15\packages\CH55xDuino\tools\sdcc\build.13407_4/lib/large_int_calc_stack_auto/libsdcc.lib
                                          [ _memset.rel ]
C:\Users\Yuzuki\AppData\Local\Arduino15\packages\CH55xDuino\tools\sdcc\build.13407_4/lib/large_int_calc_stack_auto/mcs51.lib
                                          [ crtxinit.rel ]
C:\Users\Yuzuki\AppData\Local\arduino\sketches\88F57294B5C6608F478CC3ECDD2F8A2E/..\..\cores\910fc64098c4b9d508bbd45b2249fda8\core.lib
                                          [ wiring.c.rel ]
C:\Users\Yuzuki\AppData\Local\Arduino15\packages\CH55xDuino\tools\sdcc\build.13407_4/lib/large_int_calc_stack_auto/libsdcc.lib
                                          [ _gptrput.rel ]
C:\Users\Yuzuki\AppData\Local\arduino\sketches\88F57294B5C6608F478CC3ECDD2F8A2E/..\..\cores\910fc64098c4b9d508bbd45b2249fda8\core.lib
                                          [ HardwareSerial1.c.rel ]
C:\Users\Yuzuki\AppData\Local\Arduino15\packages\CH55xDuino\tools\sdcc\build.13407_4/lib/large_int_calc_stack_auto/libint.lib
                                          [ _mulint.rel ]
C:\Users\Yuzuki\AppData\Local\arduino\sketches\88F57294B5C6608F478CC3ECDD2F8A2E/..\..\cores\910fc64098c4b9d508bbd45b2249fda8\core.lib
                                          [ HardwareSerial1ISR.c.rel ]
C:\Users\Yuzuki\AppData\Local\arduino\sketches\88F57294B5C6608F478CC3ECDD2F8A2E/..\..\cores\910fc64098c4b9d508bbd45b2249fda8\core.lib
                                          [ weakOverrideGPIO.c.rel ]
C:\Users\Yuzuki\AppData\Local\Arduino15\packages\CH55xDuino\tools\sdcc\build.13407_4/lib/large_int_calc_stack_auto/libsdcc.lib
                                          [ _memcmp.rel ]
C:\Users\Yuzuki\AppData\Local\arduino\sketches\88F57294B5C6608F478CC3ECDD2F8A2E/..\..\cores\910fc64098c4b9d508bbd45b2249fda8\core.lib
                                          [ weakOverrideTimer2.c.rel ]
C:\Users\Yuzuki\AppData\Local\Arduino15\packages\CH55xDuino\tools\sdcc\build.13407_4/lib/large_int_calc_stack_auto/mcs51.lib
                                          [ crtxclear.rel ]
C:\Users\Yuzuki\AppData\Local\Arduino15\packages\CH55xDuino\tools\sdcc\build.13407_4/lib/large_int_calc_stack_auto/liblong.lib
                                          [ _divulong.rel ]
C:\Users\Yuzuki\AppData\Local\arduino\sketches\88F57294B5C6608F478CC3ECDD2F8A2E/optionalLink.lib
                                          [ optionalLink_WS2812_P1_5.c.rel ]
C:\Users\Yuzuki\AppData\Local\Arduino15\packages\CH55xDuino\tools\sdcc\build.13407_4/lib/large_int_calc_stack_auto/mcs51.lib
                                          [ crtcall.rel ]
C:\Users\Yuzuki\AppData\Local\Arduino15\packages\CH55xDuino\tools\sdcc\build.13407_4/lib/large_int_calc_stack_auto/libsdcc.lib
                                          [ _bp.rel ]
C:\Users\Yuzuki\AppData\Local\Arduino15\packages\CH55xDuino\tools\sdcc\build.13407_4/lib/large_int_calc_stack_auto/mcs51.lib
                                          [ crtpagesfr.rel ]
C:\Users\Yuzuki\AppData\Local\arduino\sketches\88F57294B5C6608F478CC3ECDD2F8A2E/..\..\cores\910fc64098c4b9d508bbd45b2249fda8\core.lib
                                          [ WInterrupts.c.rel ]
C:\Users\Yuzuki\AppData\Local\Arduino15\packages\CH55xDuino\tools\sdcc\build.13407_4/lib/large_int_calc_stack_auto/mcs51.lib
                                          [ crtstart.rel ]
C:\Users\Yuzuki\AppData\Local\Arduino15\packages\CH55xDuino\tools\sdcc\build.13407_4/lib/large_int_calc_stack_auto/libsdcc.lib
                                          [ _gptrget.rel ]
C:\Users\Yuzuki\AppData\Local\Arduino15\packages\CH55xDuino\tools\sdcc\build.13407_4/lib/large_int_calc_stack_auto/libint.lib
                                          [ _modsint.rel ]
C:\Users\Yuzuki\AppData\Local\Arduino15\packages\CH55xDuino\tools\sdcc\build.13407_4/lib/large_int_calc_stack_auto/libint.lib
                                          [ _moduint.rel ]
C:\Users\Yuzuki\AppData\Local\arduino\sketches\88F57294B5C6608F478CC3ECDD2F8A2E/..\..\cores\910fc64098c4b9d508bbd45b2249fda8\core.lib
                                          [ HardwareSerial0ISR.c.rel ]
C:\Users\Yuzuki\AppData\Local\Arduino15\packages\CH55xDuino\tools\sdcc\build.13407_4/lib/large_int_calc_stack_auto/libsdcc.lib
                                          [ _startup.rel ]

ASxxxx Linker V03.00 + NoICE + sdld,  page 31.

User Base Address Definitions

HOME = 0x0000
XSEG = 0x0094
PSEG = 0x0094
ISEG = 0x0000
BSEG = 0x0000

